// Jest Snapshot v1, https://goo.gl/fbAQLP

exports[`renders correctly 1`] = `
<TagGroup
  className="cmp-tag-list"
  gapless={false}
  style={Object {}}
>
  <Tag
    className=""
    color={null}
    key="tüdlidü"
    onClick={[Function]}
    remove={false}
    renderAs="span"
    rounded={false}
    size={null}
    style={Object {}}
  >
    tüdlidü
  </Tag>
</TagGroup>
`;
