// Jest Snapshot v1, https://goo.gl/fbAQLP

exports[`renders correctly 1`] = `
<ForwardRef
  className="cmp-omnibox"
  renderAs="nav"
>
  <div
    className="sub-cont-taggroup sub-focusable"
    onBlur={[Function]}
    onFocus={[Function]}
    onKeyDown={[Function]}
    tabIndex={0}
  >
    <ForwardRef
      className="tag-project tag-icon"
      gapless={true}
      style={Object {}}
    >
      <ForwardRef
        className=""
        color="dark"
        remove={false}
        renderAs="span"
        rounded={false}
        size={null}
        style={Object {}}
      >
        <ForwardRef
          align={null}
          className="is-small"
          color={null}
          icon={null}
          size={null}
          style={Object {}}
        >
          <FontAwesomeIcon
            border={false}
            className=""
            fixedWidth={false}
            flip={null}
            icon={
              Object {
                "icon": Array [
                  512,
                  512,
                  Array [],
                  "f07b",
                  "M464 128H272l-64-64H48C21.49 64 0 85.49 0 112v288c0 26.51 21.49 48 48 48h416c26.51 0 48-21.49 48-48V176c0-26.51-21.49-48-48-48z",
                ],
                "iconName": "folder",
                "prefix": "fas",
              }
            }
            inverse={false}
            listItem={false}
            mask={null}
            pull={null}
            pulse={false}
            rotation={null}
            size={null}
            spin={false}
            symbol={false}
            title=""
            transform={null}
          />
        </ForwardRef>
      </ForwardRef>
      <ForwardRef
        className=""
        color="info"
        remove={false}
        renderAs="span"
        rounded={false}
        size={null}
        style={Object {}}
      >
        foo
      </ForwardRef>
      <ForwardRef
        className=""
        color={null}
        onClick={[Function]}
        remove={true}
        renderAs="span"
        rounded={false}
        size={null}
        style={Object {}}
      />
    </ForwardRef>
  </div>
  <div
    className="sub-cont-taggroup"
  >
    <ForwardRef
      className="cmp-sub-tags"
      gapless={true}
      style={Object {}}
    >
      <div
        className="sub-cont-tag sub-focusable"
        key="bar"
        onBlur={[Function]}
        onFocus={[Function]}
        onKeyDown={[Function]}
        tabIndex={0}
      >
        <ForwardRef
          className="cmp-sub-tags"
          gapless={true}
          style={Object {}}
        >
          <ForwardRef
            className=""
            color="primary"
            remove={false}
            renderAs="span"
            rounded={false}
            size={null}
            style={Object {}}
          >
            bar
          </ForwardRef>
          <ForwardRef
            className=""
            color={null}
            onClick={[Function]}
            remove={true}
            renderAs="span"
            rounded={false}
            size={null}
            style={Object {}}
          />
        </ForwardRef>
      </div>
    </ForwardRef>
  </div>
  <ForwardRef
    className="cmp-sub-input sub-focusable"
    onBlur={[Function]}
    onChange={[Function]}
    onFocus={[Function]}
    onKeyDown={[Function]}
    placeholder="search"
    size="small"
    type="text"
    value=""
  />
</ForwardRef>
`;
