// Jest Snapshot v1, https://goo.gl/fbAQLP

exports[`renders correctly 1`] = `
<ForwardRef
  className=""
  renderAs="section"
  size={null}
  style={Object {}}
>
  <Connect(Component) />
  <ForwardRef
    active={false}
    className=""
    renderAs="div"
  >
    <ForwardRef
      className=""
      fullwidth={false}
      iconLeft={false}
      iconRight={false}
      loading={false}
      renderAs="div"
      size={null}
      style={Object {}}
    >
      <Connect(Component) />
    </ForwardRef>
  </ForwardRef>
  <Connect(Component) />
  <Connect(Component) />
</ForwardRef>
`;
