// Jest Snapshot v1, https://goo.gl/fbAQLP

exports[`renders correctly \`all\`-task-list-selector should render the element 1`] = `
<ForwardRef
  className="panel-tabs"
  renderAs="div"
>
  <ForwardRef
    active={false}
    className="view-tab-pending"
    onClick={[Function]}
    renderAs="a"
  >
    Pending
  </ForwardRef>
  <ForwardRef
    active={false}
    className="view-tab-next"
    onClick={[Function]}
    renderAs="a"
  >
    Next
  </ForwardRef>
  <ForwardRef
    active={false}
    className="view-tab-postponed"
    onClick={[Function]}
    renderAs="a"
  >
    Postponed
  </ForwardRef>
  <ForwardRef
    active={false}
    className="view-tab-completed"
    onClick={[Function]}
    renderAs="a"
  >
    Completed
  </ForwardRef>
  <ForwardRef
    active={true}
    className="view-tab-all"
    onClick={[Function]}
    renderAs="a"
  >
    All
  </ForwardRef>
</ForwardRef>
`;

exports[`renders correctly \`completed\`-task-list-selector should render the element 1`] = `
<ForwardRef
  className="panel-tabs"
  renderAs="div"
>
  <ForwardRef
    active={false}
    className="view-tab-pending"
    onClick={[Function]}
    renderAs="a"
  >
    Pending
  </ForwardRef>
  <ForwardRef
    active={false}
    className="view-tab-next"
    onClick={[Function]}
    renderAs="a"
  >
    Next
  </ForwardRef>
  <ForwardRef
    active={false}
    className="view-tab-postponed"
    onClick={[Function]}
    renderAs="a"
  >
    Postponed
  </ForwardRef>
  <ForwardRef
    active={true}
    className="view-tab-completed"
    onClick={[Function]}
    renderAs="a"
  >
    Completed
  </ForwardRef>
  <ForwardRef
    active={false}
    className="view-tab-all"
    onClick={[Function]}
    renderAs="a"
  >
    All
  </ForwardRef>
</ForwardRef>
`;

exports[`renders correctly \`next\`-task-list-selector should render the element 1`] = `
<ForwardRef
  className="panel-tabs"
  renderAs="div"
>
  <ForwardRef
    active={false}
    className="view-tab-pending"
    onClick={[Function]}
    renderAs="a"
  >
    Pending
  </ForwardRef>
  <ForwardRef
    active={true}
    className="view-tab-next"
    onClick={[Function]}
    renderAs="a"
  >
    Next
  </ForwardRef>
  <ForwardRef
    active={false}
    className="view-tab-postponed"
    onClick={[Function]}
    renderAs="a"
  >
    Postponed
  </ForwardRef>
  <ForwardRef
    active={false}
    className="view-tab-completed"
    onClick={[Function]}
    renderAs="a"
  >
    Completed
  </ForwardRef>
  <ForwardRef
    active={false}
    className="view-tab-all"
    onClick={[Function]}
    renderAs="a"
  >
    All
  </ForwardRef>
</ForwardRef>
`;

exports[`renders correctly \`pending\`-task-list-selector should render the element 1`] = `
<ForwardRef
  className="panel-tabs"
  renderAs="div"
>
  <ForwardRef
    active={true}
    className="view-tab-pending"
    onClick={[Function]}
    renderAs="a"
  >
    Pending
  </ForwardRef>
  <ForwardRef
    active={false}
    className="view-tab-next"
    onClick={[Function]}
    renderAs="a"
  >
    Next
  </ForwardRef>
  <ForwardRef
    active={false}
    className="view-tab-postponed"
    onClick={[Function]}
    renderAs="a"
  >
    Postponed
  </ForwardRef>
  <ForwardRef
    active={false}
    className="view-tab-completed"
    onClick={[Function]}
    renderAs="a"
  >
    Completed
  </ForwardRef>
  <ForwardRef
    active={false}
    className="view-tab-all"
    onClick={[Function]}
    renderAs="a"
  >
    All
  </ForwardRef>
</ForwardRef>
`;

exports[`renders correctly \`postponed\`-task-list-selector should render the element 1`] = `
<ForwardRef
  className="panel-tabs"
  renderAs="div"
>
  <ForwardRef
    active={false}
    className="view-tab-pending"
    onClick={[Function]}
    renderAs="a"
  >
    Pending
  </ForwardRef>
  <ForwardRef
    active={false}
    className="view-tab-next"
    onClick={[Function]}
    renderAs="a"
  >
    Next
  </ForwardRef>
  <ForwardRef
    active={true}
    className="view-tab-postponed"
    onClick={[Function]}
    renderAs="a"
  >
    Postponed
  </ForwardRef>
  <ForwardRef
    active={false}
    className="view-tab-completed"
    onClick={[Function]}
    renderAs="a"
  >
    Completed
  </ForwardRef>
  <ForwardRef
    active={false}
    className="view-tab-all"
    onClick={[Function]}
    renderAs="a"
  >
    All
  </ForwardRef>
</ForwardRef>
`;
